2026-06-24 17:34:58,201 - INFO - Starting SVG to Visio stencil conversion
2026-06-24 17:34:58,203 - INFO - Input directory: /Users/jenkinskabona/Documents/UML-SKILLS/stencils/svg/shapes
2026-06-24 17:34:58,203 - INFO - Output file: /Users/jenkinskabona/Documents/UML-SKILLS/stencils/output/uml-architecture-stencil.vssx
2026-06-24 17:35:06,551 - DEBUG - Converted rectangle
2026-06-24 17:35:06,583 - DEBUG - Converted rounded-rectangle
2026-06-24 17:35:06,824 - DEBUG - Converted square
2026-06-24 17:35:06,841 - DEBUG - Converted circle
2026-06-24 17:35:06,858 - DEBUG - Converted ellipse
2026-06-24 17:35:06,872 - DEBUG - Converted diamond
2026-06-24 17:35:06,887 - DEBUG - Converted triangle
2026-06-24 17:35:06,896 - DEBUG - Converted hexagon
2026-06-24 17:35:06,906 - DEBUG - Converted pentagon
2026-06-24 17:35:06,969 - DEBUG - Converted cylinder
2026-06-24 17:35:07,037 - DEBUG - Converted folder
2026-06-24 17:35:07,050 - DEBUG - Converted line
2026-06-24 17:35:07,061 - DEBUG - Converted arrow
2026-06-24 17:35:07,076 - DEBUG - Converted dashed-line
2026-06-24 17:35:07,081 - DEBUG - Converted dotted-line
2026-06-24 17:35:07,114 - DEBUG - Converted class-box
2026-06-24 17:35:07,134 - DEBUG - Converted abstract-class
2026-06-24 17:35:07,152 - DEBUG - Converted interface-box
2026-06-24 17:35:07,171 - DEBUG - Converted enumeration
2026-06-24 17:35:07,180 - DEBUG - Converted association
2026-06-24 17:35:07,190 - DEBUG - Converted aggregation
2026-06-24 17:35:07,201 - DEBUG - Converted composition
2026-06-24 17:35:07,214 - DEBUG - Converted inheritance
2026-06-24 17:35:07,223 - DEBUG - Converted dependency
2026-06-24 17:35:07,232 - DEBUG - Converted realization
2026-06-24 17:35:07,277 - DEBUG - Converted actor
2026-06-24 17:35:07,284 - DEBUG - Converted use-case
2026-06-24 17:35:07,292 - DEBUG - Converted system-boundary
2026-06-24 17:35:07,299 - DEBUG - Converted include-relationship
2026-06-24 17:35:07,305 - DEBUG - Converted extend-relationship
2026-06-24 17:35:07,311 - DEBUG - Converted actor-generalization
2026-06-24 17:35:07,317 - DEBUG - Converted actor-head
2026-06-24 17:35:07,325 - DEBUG - Converted lifeline
2026-06-24 17:35:07,337 - DEBUG - Converted actor-lifeline
2026-06-24 17:35:07,344 - DEBUG - Converted activation-bar
2026-06-24 17:35:07,358 - DEBUG - Converted sync-message
2026-06-24 17:35:07,369 - DEBUG - Converted async-message
2026-06-24 17:35:07,379 - DEBUG - Converted return-message
2026-06-24 17:35:07,385 - DEBUG - Converted self-message
2026-06-24 17:35:07,394 - DEBUG - Converted create-message
2026-06-24 17:35:07,403 - DEBUG - Converted destroy-message
2026-06-24 17:35:07,412 - DEBUG - Converted combined-fragment
2026-06-24 17:35:07,424 - DEBUG - Converted alt-fragment
2026-06-24 17:35:07,435 - DEBUG - Converted loop-fragment
2026-06-24 17:35:07,489 - DEBUG - Converted opt-fragment
2026-06-24 17:35:07,535 - DEBUG - Converted par-fragment
2026-06-24 17:35:07,544 - DEBUG - Converted interaction-occurrence
2026-06-24 17:35:07,555 - DEBUG - Converted continuation
2026-06-24 17:35:07,562 - DEBUG - Converted initial-node
2026-06-24 17:35:07,575 - DEBUG - Converted final-node
2026-06-24 17:35:07,594 - DEBUG - Converted flow-final-node
2026-06-24 17:35:07,602 - DEBUG - Converted action
2026-06-24 17:35:07,612 - DEBUG - Converted activity
2026-06-24 17:35:07,622 - DEBUG - Converted decision-node
2026-06-24 17:35:07,628 - DEBUG - Converted merge-node
2026-06-24 17:35:07,640 - DEBUG - Converted fork-node
2026-06-24 17:35:07,648 - DEBUG - Converted join-node
2026-06-24 17:35:07,660 - DEBUG - Converted object-node
2026-06-24 17:35:07,681 - DEBUG - Converted data-store-node
2026-06-24 17:35:07,711 - DEBUG - Converted send-signal
2026-06-24 17:35:07,728 - DEBUG - Converted interrupting-edge
2026-06-24 17:35:07,746 - DEBUG - Converted swimlane
2026-06-24 17:35:07,767 - DEBUG - Converted activity-partition
2026-06-24 17:35:07,778 - DEBUG - Converted expansion-region
2026-06-24 17:35:07,794 - DEBUG - Converted control-flow
2026-06-24 17:35:07,860 - DEBUG - Converted object-flow
2026-06-24 17:35:07,867 - DEBUG - Converted state
2026-06-24 17:35:07,878 - DEBUG - Converted sm-initial-state
2026-06-24 17:35:07,896 - DEBUG - Converted sm-final-state
2026-06-24 17:35:07,913 - DEBUG - Converted choice-pseudostate
2026-06-24 17:35:07,925 - DEBUG - Converted fork-pseudostate
2026-06-24 17:35:07,931 - DEBUG - Converted join-pseudostate
2026-06-24 17:35:07,947 - DEBUG - Converted deep-history
2026-06-24 17:35:07,963 - DEBUG - Converted shallow-history
2026-06-24 17:35:07,981 - DEBUG - Converted composite-state
2026-06-24 17:35:08,010 - DEBUG - Converted submachine-state
2026-06-24 17:35:08,028 - DEBUG - Converted transition
2026-06-24 17:35:08,047 - DEBUG - Converted internal-transition
2026-06-24 17:35:08,060 - DEBUG - Converted completion-transition
2026-06-24 17:35:08,076 - DEBUG - Converted component
2026-06-24 17:35:08,095 - DEBUG - Converted component-lollipop
2026-06-24 17:35:08,115 - DEBUG - Converted component-socket
2026-06-24 17:35:08,129 - DEBUG - Converted interface-provided
2026-06-24 17:35:08,144 - DEBUG - Converted interface-required
2026-06-24 17:35:08,159 - DEBUG - Converted port
2026-06-24 17:35:08,176 - DEBUG - Converted artifact
2026-06-24 17:35:08,212 - DEBUG - Converted node
2026-06-24 17:35:08,226 - DEBUG - Converted device
2026-06-24 17:35:08,238 - DEBUG - Converted execution-environment
2026-06-24 17:35:08,257 - DEBUG - Converted deployment-relationship
2026-06-24 17:35:08,265 - DEBUG - Converted manifest-relationship
2026-06-24 17:35:08,284 - DEBUG - Converted package
2026-06-24 17:35:08,299 - DEBUG - Converted package-stereotype
2026-06-24 17:35:08,314 - DEBUG - Converted model
2026-06-24 17:35:08,328 - DEBUG - Converted subsystem
2026-06-24 17:35:08,429 - DEBUG - Converted profile
2026-06-24 17:35:08,438 - DEBUG - Converted package-import
2026-06-24 17:35:08,456 - DEBUG - Converted package-merge
2026-06-24 17:35:08,464 - DEBUG - Converted microservice
2026-06-24 17:35:08,475 - DEBUG - Converted api-gateway
2026-06-24 17:35:08,507 - DEBUG - Converted database
2026-06-24 17:35:08,520 - DEBUG - Converted cache
2026-06-24 17:35:08,533 - DEBUG - Converted message-queue
2026-06-24 17:35:08,545 - DEBUG - Converted load-balancer
2026-06-24 17:35:08,554 - DEBUG - Converted firewall
2026-06-24 17:35:08,569 - DEBUG - Converted storage
2026-06-24 17:35:08,582 - DEBUG - Converted container
2026-06-24 17:35:08,650 - DEBUG - Converted pod
2026-06-24 17:35:08,664 - DEBUG - Converted k8s-service
2026-06-24 17:35:08,686 - DEBUG - Converted ingress
2026-06-24 17:35:08,700 - DEBUG - Converted configmap
2026-06-24 17:35:08,773 - DEBUG - Converted secret
2026-06-24 17:35:08,794 - DEBUG - Converted persistent-volume
2026-06-24 17:35:08,801 - DEBUG - Converted namespace
2026-06-24 17:35:08,814 - DEBUG - Converted consumer
2026-06-24 17:35:08,826 - DEBUG - Converted producer
2026-06-24 17:35:08,837 - DEBUG - Converted broker
2026-06-24 17:35:08,877 - DEBUG - Converted topic
2026-06-24 17:35:08,908 - DEBUG - Converted table
2026-06-24 17:35:08,933 - DEBUG - Converted view-db
2026-06-24 17:35:08,948 - DEBUG - Converted stored-procedure
2026-06-24 17:35:08,977 - DEBUG - Converted index-db
2026-06-24 17:35:08,993 - DEBUG - Converted table-relationship
2026-06-24 17:35:09,010 - DEBUG - Converted er-entity
2026-06-24 17:35:09,025 - DEBUG - Converted aws-ec2
2026-06-24 17:35:09,043 - DEBUG - Converted aws-s3
2026-06-24 17:35:09,061 - DEBUG - Converted aws-rds
2026-06-24 17:35:09,094 - DEBUG - Converted aws-lambda
2026-06-24 17:35:09,132 - DEBUG - Converted aws-api-gateway
2026-06-24 17:35:09,156 - DEBUG - Converted aws-vpc
2026-06-24 17:35:09,165 - DEBUG - Converted cloud-region
2026-06-24 17:35:09,176 - DEBUG - Converted cloud-az
2026-06-24 17:35:11,876 - DEBUG - Converted cloud-generic
2026-06-24 17:35:12,080 - DEBUG - Converted server
2026-06-24 17:35:12,096 - DEBUG - Converted switch
2026-06-24 17:35:12,111 - DEBUG - Converted router
2026-06-24 17:35:12,126 - DEBUG - Converted firewall-network
2026-06-24 17:35:12,139 - DEBUG - Converted load-balancer-network
2026-06-24 17:35:12,150 - DEBUG - Converted vpn
2026-06-24 17:35:14,771 - DEBUG - Converted internet
2026-06-24 17:35:14,782 - DEBUG - Converted dmz
2026-06-24 17:35:14,797 - DEBUG - Converted subnet
2026-06-24 17:35:14,813 - DEBUG - Converted process
2026-06-24 17:35:14,821 - DEBUG - Converted flow-start
2026-06-24 17:35:14,833 - DEBUG - Converted flow-end
2026-06-24 17:35:14,842 - DEBUG - Converted flow-decision
2026-06-24 17:35:14,866 - DEBUG - Converted predefined-process
2026-06-24 17:35:14,875 - DEBUG - Converted off-page-connector
2026-06-24 17:35:14,881 - DEBUG - Converted line-solid
2026-06-24 17:35:14,887 - DEBUG - Converted line-dashed
2026-06-24 17:35:14,899 - DEBUG - Converted line-dotted
2026-06-24 17:35:14,914 - DEBUG - Converted arrow-solid
2026-06-24 17:35:14,927 - DEBUG - Converted arrow-open
2026-06-24 17:35:14,935 - DEBUG - Converted arrow-dashed
2026-06-24 17:35:14,949 - DEBUG - Converted arrow-double
2026-06-24 17:35:14,960 - DEBUG - Converted arrow-hollow-triangle
2026-06-24 17:35:14,968 - DEBUG - Converted arrow-dashed-triangle
2026-06-24 17:35:14,983 - DEBUG - Converted diamond-hollow-end
2026-06-24 17:35:15,048 - DEBUG - Converted diamond-filled-end
2026-06-24 17:35:15,075 - DEBUG - Converted self-loop
2026-06-24 17:35:15,086 - DEBUG - Converted zigzag-line
2026-06-24 17:35:15,097 - DEBUG - Converted bend-point
2026-06-24 17:35:15,129 - DEBUG - Converted tag
2026-06-24 17:35:15,163 - DEBUG - Converted legend
2026-06-24 17:35:15,191 - DEBUG - Converted title-block
2026-06-24 17:35:15,212 - DEBUG - Converted timeline
2026-06-24 17:35:15,248 - DEBUG - Converted milestone
2026-06-24 17:35:15,276 - DEBUG - Converted phase
2026-06-24 17:35:17,258 - INFO - Stencil saved to /Users/jenkinskabona/Documents/UML-SKILLS/stencils/output/uml-architecture-stencil.vssx (168 masters)
2026-06-24 17:35:17,261 - INFO - ==================================================
2026-06-24 17:35:17,261 - INFO - CONVERSION SUMMARY
2026-06-24 17:35:17,261 - INFO - Total files:  168
2026-06-24 17:35:17,262 - INFO - Successful:   168
2026-06-24 17:35:17,262 - INFO - Failed:       0
2026-06-24 17:35:17,262 - INFO - Skipped:      36
2026-06-24 17:35:17,263 - INFO - ==================================================
